[www.transformice.com/index.html]
[backblue.gif]
[fade.gif]
[index.html]
[www.transformice.com/share/avatar.jpg]
[www.transformice.com/favicon.png]
[www.transformice.com/img/logo.png]
[www.transformice.com/img/i1.jpg]
[www.transformice.com/img/i2.jpg]
[www.transformice.com/img/i3.jpg]
[www.transformice.com/img/i4.jpg]
[www.transformice.com/img/i5.jpg]
[www.transformice.com/img/i6.jpg]
[www.transformice.com/Transformice.exe]
[www.transformice.com/transformice-swf.html]
[www.transformice.com/divers/rules_of_conduct.html]
[www.transformice.com/divers/terms_and_conditions_of_use.html]
[www.transformice.com/divers/privacy_policy.html]
[www.transformice.com/img/atelier.png]
[www.transformice.com/img/discord.png]
[www.transformice.com/img/twitter.png]
[www.transformice.com/img/instagram.png]
[www.transformice.com/index.html]
[www.google-analytics.com/analytics.js]
[www.transformice.com/img/fond.jpg]
[www.transformice.com/img/boucle.jpg]
[www.transformice.com/css/tfm.css]
[www.transformice.com/css/flickity.css]
[www.transformice.com/js/flickity.pkgd.min.js]
[www.transformice.com/TransformiceChargeur.swf]
[www.transformice.com/transformice-swf.html]
[www.transformice.com/divers/images/image1.png]
[www.transformice.com/divers/images/image2.png]
[www.transformice.com/divers/images/image3.png]
[www.transformice.com/divers/images/image5.png]
[www.transformice.com/divers/images/image4.png]
[www.transformice.com/divers/images/image7.gif]
[www.transformice.com/divers/images/image6.png]
[www.transformice.com/divers/rules_of_conduct.html]
[www.transformice.com/divers/terms_and_conditions_of_use.html]
[www.transformice.com/divers/privacy_policy.html]
